Component: ARM Compiler 5.06 update 6 (build 750) Tool: armlink [4d35ed]

==============================================================================

Section Cross References

    startup.o(RESET) refers to startup.o(STACK) for Stack_Top
    startup.o(RESET) refers to tcd.o(tcd) for __main
    startup.o(.text) refers to startup.o(HEAP) for Heap_Mem
    startup.o(.text) refers to startup.o(STACK) for Stack_Mem
    tcd.o(tcd) refers to tcd.o(tcddata) for results


==============================================================================

Image Symbol Table

    Local Symbols

    Symbol Name                              Value     Ov Type        Size  Object(Section)

    RESET                                    0x00000000   Section      272  startup.o(RESET)
    Startup.s                                0x00000000   Number         0  startup.o ABSOLUTE
    TCD.s                                    0x00000000   Number         0  tcd.o ABSOLUTE
    Undef_Handler                            0x00000040   ARM Code       4  startup.o(RESET)
    SWI_Handler                              0x00000044   ARM Code       4  startup.o(RESET)
    PAbt_Handler                             0x00000048   ARM Code       4  startup.o(RESET)
    DAbt_Handler                             0x0000004c   ARM Code       4  startup.o(RESET)
    IRQ_Handler                              0x00000050   ARM Code       4  startup.o(RESET)
    FIQ_Handler                              0x00000054   ARM Code       4  startup.o(RESET)
    .text                                    0x00000110   Section       32  startup.o(.text)
    tcd                                      0x00000130   Section      152  tcd.o(tcd)
    tcddata                                  0x40000000   Section        1  tcd.o(tcddata)
    results                                  0x40000000   Data           1  tcd.o(tcddata)
    HEAP                                     0x40000008   Section        0  startup.o(HEAP)
    STACK                                    0x40000008   Section     1160  startup.o(STACK)
    Heap_Mem                                 0x40000008   Data           0  startup.o(HEAP)
    Stack_Mem                                0x40000008   Data        1024  startup.o(STACK)
    Stack_Top                                0x40000490   Data           0  startup.o(STACK)

    Global Symbols

    Symbol Name                              Value     Ov Type        Size  Object(Section)

    BuildAttributes$$THM_ISAv1$ARM_ISAv4$S$PE$A:L22$X:L11$S22$IEEE1$IW$USESV6$~STKCKD$USESV7$~SHL$OSPACE$EBA8$STANDARDLIB$PRES8$EABIv2 0x00000000   Number         0  anon$$obj.o ABSOLUTE
    Reset_Handler                            0x00000058   ARM Code       0  startup.o(RESET)
    __user_initial_stackheap                 0x00000110   ARM Code       0  startup.o(.text)
    __main                                   0x00000130   ARM Code       0  tcd.o(tcd)



==============================================================================

Memory Map of the image

  Image Entry point : 0x00000000

  Load Region LR_IROM1 (Base: 0x00000000, Size: 0x000001cc, Max: 0x00080000, ABSOLUTE)

    Execution Region ER_IROM1 (Exec base: 0x00000000, Load base: 0x00000000, Size: 0x000001c8, Max: 0x00080000, ABSOLUTE)

    Exec Addr    Load Addr    Size         Type   Attr      Idx    E Section Name        Object

    0x00000000   0x00000000   0x00000110   Code   RO            3  * RESET               startup.o
    0x00000110   0x00000110   0x00000020   Code   RO            4    .text               startup.o
    0x00000130   0x00000130   0x00000098   Code   RO           11    tcd                 tcd.o


    Execution Region RW_IRAM1 (Exec base: 0x40000000, Load base: 0x000001c8, Size: 0x00000490, Max: 0x00008000, ABSOLUTE)

    Exec Addr    Load Addr    Size         Type   Attr      Idx    E Section Name        Object

    0x40000000   0x000001c8   0x00000001   Data   RW           12    tcddata             tcd.o
    0x40000001   0x000001c9   0x00000007   PAD
    0x40000008        -       0x00000000   Zero   RW            2    HEAP                startup.o
    0x40000008        -       0x00000488   Zero   RW            1    STACK               startup.o


==============================================================================

Image component sizes


      Code (inc. data)   RO Data    RW Data    ZI Data      Debug   Object Name

       304         60          0          0       1160        628   startup.o
       152          4          0          1          0        288   tcd.o

    ----------------------------------------------------------------------
       456         64          0          4       1164        916   Object Totals
         0          0          0          0          0          0   (incl. Generated)
         0          0          0          3          4          0   (incl. Padding)

    ----------------------------------------------------------------------
         0          0          0          0          0          0   Library Totals
         0          0          0          0          0          0   (incl. Padding)

    ----------------------------------------------------------------------

==============================================================================


      Code (inc. data)   RO Data    RW Data    ZI Data      Debug   

       456         64          0          4       1164        916   Grand Totals
       456         64          0          4       1164        916   ELF Image Totals
       456         64          0          4          0          0   ROM Totals

==============================================================================

    Total RO  Size (Code + RO Data)                  456 (   0.45kB)
    Total RW  Size (RW Data + ZI Data)              1168 (   1.14kB)
    Total ROM Size (Code + RO Data + RW Data)        460 (   0.45kB)

==============================================================================

